// Jest Snapshot v1, https://goo.gl/fbAQLP

exports[`generate-types simple schema 1`] = `
"// NOTE This file is auto-generated by the Contentlayer CLI
import type { Markdown } from '@contentlayer/core'

export type Image = string
export type { Markdown }



export interface ContentlayerGenTypes {
  documentTypes: DocumentTypes
  documentTypeMap: DocumentTypeMap
  documentTypeNames: DocumentTypeNames
  allTypeNames: AllTypeNames
}

declare global {
  interface ContentlayerGen extends ContentlayerGenTypes {}
}

export type DocumentTypeMap = {
  Post: Post
}

export type AllTypes = DocumentTypes | ObjectTypes
export type AllTypeNames = DocumentTypeNames | ObjectTypeNames

export type DocumentTypes = Post
export type DocumentTypeNames = DocumentTypes['_typeName']

/** Document types */



/** Post */
export type Post = {
  _id: string
  _typeName: 'Post'
  _raw?: Record<string, any>
  /** The title of the post */
  title: string
  /** The date of the post */
  date: string
  /** Default markdown file content */
  content: Markdown | undefined
  slug: string
}

/** Object types */



export type ObjectTypes = never
export type ObjectTypeNames = ObjectTypes['_typeName']


"
`;
